MPLINK 4.40, Linker
Linker Map File - Created Tue Jul 19 00:51:02 2011

                                 Section Info
                  Section       Type    Address   Location Size(Bytes)
                ---------  ---------  ---------  ---------  ---------
                   .org_0       code   0x000000    program   0x000000
                   .org_1       code   0x000000    program   0x000008
                   .org_2       code   0x000004    program   0x000340
                   .org_3       code   0x000800    program   0x001034
                   .org_4       code   0x001800    program   0x000194
   .config_2007_MULTIIO.O       code   0x002007    program   0x000002
                   .org_5       code   0x002100    program   0x0000c4



                              Program Memory Usage 
                               Start         End      
                           ---------   ---------      
                            0x000000    0x0001a3      
                            0x000800    0x001019      
                            0x001800    0x0018c9      
                            0x002007    0x002007      
                            0x002100    0x002161      
            2795 out of 8454 program addresses used, program memory utilization is 33%



                              Symbols - Sorted by Name
                     Name    Address   Location    Storage File                     
                ---------  ---------  ---------  --------- ---------                
                     CRC8   0x000fe0    program     static H:\Eigene Dateien\pic\multiIO\utils.asm
                  DEFINES   0x000000    program     static H:\Eigene Dateien\pic\multiIO\defines.asm
                      INT   0x000004    program     static H:\Eigene Dateien\pic\multiIO\interrupt.asm
              TIMEisequal   0x000fcd    program     static H:\Eigene Dateien\pic\multiIO\utils.asm
            TIMEisgreater   0x000fcf    program     static H:\Eigene Dateien\pic\multiIO\utils.asm
              TIMEislower   0x000fce    program     static H:\Eigene Dateien\pic\multiIO\utils.asm
                VARIABLES   0x000000    program     static H:\Eigene Dateien\pic\multiIO\variables.asm
             _326STOP_INT   0x000f19    program     static H:\Eigene Dateien\pic\multiIO\serial.asm
             _331STOP_INT   0x001003    program     static H:\Eigene Dateien\pic\multiIO\eeprom.asm
              _65STOP_INT   0x000919    program     static H:\Eigene Dateien\pic\multiIO\multiIO.asm
                 bitTable   0x000f3c    program     static H:\Eigene Dateien\pic\multiIO\utils.asm
                bitTable1   0x000f46    program     static H:\Eigene Dateien\pic\multiIO\utils.asm
              checkOutput   0x000f4e    program     static H:\Eigene Dateien\pic\multiIO\utils.asm
                 chkDelay   0x000f62    program     static H:\Eigene Dateien\pic\multiIO\utils.asm
               clearBank0   0x00184a    program     static H:\Eigene Dateien\pic\multiIO\init.asm
               clearBank1   0x001852    program     static H:\Eigene Dateien\pic\multiIO\init.asm
               clearBank2   0x00185d    program     static H:\Eigene Dateien\pic\multiIO\init.asm
               clearBank3   0x001865    program     static H:\Eigene Dateien\pic\multiIO\init.asm
                 clearRam   0x001845    program     static H:\Eigene Dateien\pic\multiIO\init.asm
                clearRam2   0x001858    program     static H:\Eigene Dateien\pic\multiIO\init.asm
                 clrDelay   0x000f55    program     static H:\Eigene Dateien\pic\multiIO\utils.asm
              compareTime   0x000fa8    program     static H:\Eigene Dateien\pic\multiIO\utils.asm
                 dispatch   0x000924    program     static H:\Eigene Dateien\pic\multiIO\dispatch.asm
             dispatchCont   0x0009c4    program     static H:\Eigene Dateien\pic\multiIO\dispatch.asm
             dispatchLoop   0x00092f    program     static H:\Eigene Dateien\pic\multiIO\dispatch.asm
            dispatchLoop1   0x000955    program     static H:\Eigene Dateien\pic\multiIO\dispatch.asm
            dispatchLoop2   0x000963    program     static H:\Eigene Dateien\pic\multiIO\dispatch.asm
            dispatchLoop3   0x000984    program     static H:\Eigene Dateien\pic\multiIO\dispatch.asm
            dispatchLoop4   0x00099b    program     static H:\Eigene Dateien\pic\multiIO\dispatch.asm
            dispatchLoop5   0x0009a9    program     static H:\Eigene Dateien\pic\multiIO\dispatch.asm
                   eeRead   0x00100e    program     static H:\Eigene Dateien\pic\multiIO\eeprom.asm
                 eeRead_1   0x001010    program     static H:\Eigene Dateien\pic\multiIO\eeprom.asm
                  eeWrite   0x000ff4    program     static H:\Eigene Dateien\pic\multiIO\eeprom.asm
                eeWrite_1   0x000ff6    program     static H:\Eigene Dateien\pic\multiIO\eeprom.asm
                  endless   0x000923    program     static H:\Eigene Dateien\pic\multiIO\multiIO.asm
               fAlwaysOff   0x0009f8    program     static H:\Eigene Dateien\pic\multiIO\functions.asm
                fAlwaysOn   0x0009ff    program     static H:\Eigene Dateien\pic\multiIO\functions.asm
                  fAwning   0x000b90    program     static H:\Eigene Dateien\pic\multiIO\functions.asm
                 fAwningA   0x000ba0    program     static H:\Eigene Dateien\pic\multiIO\functions.asm
                 fAwningB   0x000b9d    program     static H:\Eigene Dateien\pic\multiIO\functions.asm
                 fAwningC   0x000bf7    program     static H:\Eigene Dateien\pic\multiIO\functions.asm
                 fAwningO   0x000bfe    program     static H:\Eigene Dateien\pic\multiIO\functions.asm
               fAwningS00   0x000bb2    program     static H:\Eigene Dateien\pic\multiIO\functions.asm
              fAwningS00a   0x000bbf    program     static H:\Eigene Dateien\pic\multiIO\functions.asm
              fAwningS00b   0x000bc3    program     static H:\Eigene Dateien\pic\multiIO\functions.asm
               fAwningS01   0x000bcc    program     static H:\Eigene Dateien\pic\multiIO\functions.asm
               fAwningS02   0x000beb    program     static H:\Eigene Dateien\pic\multiIO\functions.asm
              fAwningStop   0x000bd2    program     static H:\Eigene Dateien\pic\multiIO\functions.asm
                   fBlind   0x000c05    program     static H:\Eigene Dateien\pic\multiIO\functions.asm
                  fBlindA   0x000c15    program     static H:\Eigene Dateien\pic\multiIO\functions.asm
                  fBlindB   0x000c12    program     static H:\Eigene Dateien\pic\multiIO\functions.asm
                  fBlindD   0x000cb1    program     static H:\Eigene Dateien\pic\multiIO\functions.asm
                fBlindS00   0x000c2f    program     static H:\Eigene Dateien\pic\multiIO\functions.asm
               fBlindS00a   0x000c3c    program     static H:\Eigene Dateien\pic\multiIO\functions.asm
               fBlindS00b   0x000c40    program     static H:\Eigene Dateien\pic\multiIO\functions.asm
                fBlindS01   0x000c4f    program     static H:\Eigene Dateien\pic\multiIO\functions.asm
               fBlindS01a   0x000c57    program     static H:\Eigene Dateien\pic\multiIO\functions.asm
                fBlindS02   0x000c6a    program     static H:\Eigene Dateien\pic\multiIO\functions.asm
               fBlindS02a   0x000c72    program     static H:\Eigene Dateien\pic\multiIO\functions.asm
                fBlindS03   0x000c7f    program     static H:\Eigene Dateien\pic\multiIO\functions.asm
                fBlindS04   0x000c9e    program     static H:\Eigene Dateien\pic\multiIO\functions.asm
               fBlindStop   0x000c85    program     static H:\Eigene Dateien\pic\multiIO\functions.asm
                  fBlindU   0x000caa    program     static H:\Eigene Dateien\pic\multiIO\functions.asm
                 fBlinker   0x000b55    program     static H:\Eigene Dateien\pic\multiIO\functions.asm
                fBlinker1   0x000b5c    program     static H:\Eigene Dateien\pic\multiIO\functions.asm
                fBlinker2   0x000b68    program     static H:\Eigene Dateien\pic\multiIO\functions.asm
                fBlinker3   0x000b72    program     static H:\Eigene Dateien\pic\multiIO\functions.asm
                fBlinker4   0x000b7c    program     static H:\Eigene Dateien\pic\multiIO\functions.asm
                 fCOutput   0x000e7c    program     static H:\Eigene Dateien\pic\multiIO\uberfunctions.asm
                     fOff   0x000dc0    program     static H:\Eigene Dateien\pic\multiIO\uberfunctions.asm
                    fOff1   0x000dce    program     static H:\Eigene Dateien\pic\multiIO\uberfunctions.asm
                    fOff2   0x000dde    program     static H:\Eigene Dateien\pic\multiIO\uberfunctions.asm
                      fOn   0x000de4    program     static H:\Eigene Dateien\pic\multiIO\uberfunctions.asm
                     fOn1   0x000df2    program     static H:\Eigene Dateien\pic\multiIO\uberfunctions.asm
                     fOn2   0x000e02    program     static H:\Eigene Dateien\pic\multiIO\uberfunctions.asm
             fPassThrough   0x000a06    program     static H:\Eigene Dateien\pic\multiIO\functions.asm
            fPassThrough1   0x000a11    program     static H:\Eigene Dateien\pic\multiIO\functions.asm
                    fPoll   0x000db5    program     static H:\Eigene Dateien\pic\multiIO\uberfunctions.asm
                fPowerOff   0x000d9d    program     static H:\Eigene Dateien\pic\multiIO\uberfunctions.asm
               fPowerOff1   0x000da5    program     static H:\Eigene Dateien\pic\multiIO\uberfunctions.asm
                fRdConfig   0x000e3d    program     static H:\Eigene Dateien\pic\multiIO\uberfunctions.asm
                 fRdInput   0x000ea8    program     static H:\Eigene Dateien\pic\multiIO\uberfunctions.asm
                fRdInput1   0x000ec2    program     static H:\Eigene Dateien\pic\multiIO\uberfunctions.asm
                fRdInputs   0x000ec7    program     static H:\Eigene Dateien\pic\multiIO\uberfunctions.asm
                fRdOutput   0x000ed6    program     static H:\Eigene Dateien\pic\multiIO\uberfunctions.asm
               fRdOutput1   0x000ef0    program     static H:\Eigene Dateien\pic\multiIO\uberfunctions.asm
               fRdOutputs   0x000ef5    program     static H:\Eigene Dateien\pic\multiIO\uberfunctions.asm
                  fRdTime   0x000e08    program     static H:\Eigene Dateien\pic\multiIO\uberfunctions.asm
                   fReset   0x000dab    program     static H:\Eigene Dateien\pic\multiIO\uberfunctions.asm
                  fReset1   0x000db3    program     static H:\Eigene Dateien\pic\multiIO\uberfunctions.asm
                 fSOutput   0x000e88    program     static H:\Eigene Dateien\pic\multiIO\uberfunctions.asm
                  fTimerR   0x000b2a    program     static H:\Eigene Dateien\pic\multiIO\functions.asm
                 fTimerR0   0x000b43    program     static H:\Eigene Dateien\pic\multiIO\functions.asm
                 fTimerR1   0x000b4c    program     static H:\Eigene Dateien\pic\multiIO\functions.asm
                 fTimerRa   0x000b35    program     static H:\Eigene Dateien\pic\multiIO\functions.asm
                  fToggle   0x000a18    program     static H:\Eigene Dateien\pic\multiIO\functions.asm
              fToggleDual   0x000a52    program     static H:\Eigene Dateien\pic\multiIO\functions.asm
             fToggleDual0   0x000a62    program     static H:\Eigene Dateien\pic\multiIO\functions.asm
             fToggleDual1   0x000a76    program     static H:\Eigene Dateien\pic\multiIO\functions.asm
             fToggleDual2   0x000a83    program     static H:\Eigene Dateien\pic\multiIO\functions.asm
             fToggleDual3   0x000a8b    program     static H:\Eigene Dateien\pic\multiIO\functions.asm
             fToggleDual4   0x000a98    program     static H:\Eigene Dateien\pic\multiIO\functions.asm
             fToggleDual5   0x000aa8    program     static H:\Eigene Dateien\pic\multiIO\functions.asm
             fToggleDualA   0x000a5f    program     static H:\Eigene Dateien\pic\multiIO\functions.asm
                fToggleS1   0x000a23    program     static H:\Eigene Dateien\pic\multiIO\functions.asm
                fToggleS2   0x000a27    program     static H:\Eigene Dateien\pic\multiIO\functions.asm
                fToggleS3   0x000a36    program     static H:\Eigene Dateien\pic\multiIO\functions.asm
                fToggleS4   0x000a3d    program     static H:\Eigene Dateien\pic\multiIO\functions.asm
                fToggleS5   0x000a49    program     static H:\Eigene Dateien\pic\multiIO\functions.asm
                fTwoStage   0x000ab9    program     static H:\Eigene Dateien\pic\multiIO\functions.asm
               fTwoStage1   0x000ac6    program     static H:\Eigene Dateien\pic\multiIO\functions.asm
               fTwoStage2   0x000ac9    program     static H:\Eigene Dateien\pic\multiIO\functions.asm
               fTwoStage3   0x000ad7    program     static H:\Eigene Dateien\pic\multiIO\functions.asm
               fTwoStage4   0x000ae8    program     static H:\Eigene Dateien\pic\multiIO\functions.asm
               fTwoStage5   0x000af3    program     static H:\Eigene Dateien\pic\multiIO\functions.asm
               fTwoStage6   0x000b0c    program     static H:\Eigene Dateien\pic\multiIO\functions.asm
               fTwoStage7   0x000b1b    program     static H:\Eigene Dateien\pic\multiIO\functions.asm
                  fWindow   0x000cb8    program     static H:\Eigene Dateien\pic\multiIO\functions.asm
                 fWindowA   0x000cc8    program     static H:\Eigene Dateien\pic\multiIO\functions.asm
                 fWindowB   0x000cc5    program     static H:\Eigene Dateien\pic\multiIO\functions.asm
                 fWindowC   0x000d1a    program     static H:\Eigene Dateien\pic\multiIO\functions.asm
                 fWindowO   0x000d37    program     static H:\Eigene Dateien\pic\multiIO\functions.asm
               fWindowS00   0x000cea    program     static H:\Eigene Dateien\pic\multiIO\functions.asm
              fWindowS00a   0x000d03    program     static H:\Eigene Dateien\pic\multiIO\functions.asm
               fWindowS01   0x000d12    program     static H:\Eigene Dateien\pic\multiIO\functions.asm
               fWindowS02   0x000d4c    program     static H:\Eigene Dateien\pic\multiIO\functions.asm
               fWindowS03   0x000d76    program     static H:\Eigene Dateien\pic\multiIO\functions.asm
               fWindowS04   0x000d91    program     static H:\Eigene Dateien\pic\multiIO\functions.asm
               fWindowS11   0x000d2f    program     static H:\Eigene Dateien\pic\multiIO\functions.asm
               fWindowS12   0x000d61    program     static H:\Eigene Dateien\pic\multiIO\functions.asm
              fWindowStop   0x000d7c    program     static H:\Eigene Dateien\pic\multiIO\functions.asm
                fWrConfig   0x000e4a    program     static H:\Eigene Dateien\pic\multiIO\uberfunctions.asm
               fWrConfig1   0x000e4f    program     static H:\Eigene Dateien\pic\multiIO\uberfunctions.asm
               fWrConfig3   0x000e63    program     static H:\Eigene Dateien\pic\multiIO\uberfunctions.asm
               fWrConfig4   0x000e66    program     static H:\Eigene Dateien\pic\multiIO\uberfunctions.asm
               fWrConfig5   0x000e69    program     static H:\Eigene Dateien\pic\multiIO\uberfunctions.asm
               fWrConfig7   0x000e70    program     static H:\Eigene Dateien\pic\multiIO\uberfunctions.asm
               fWrConfig8   0x000e72    program     static H:\Eigene Dateien\pic\multiIO\uberfunctions.asm
               fWrConfig9   0x000e76    program     static H:\Eigene Dateien\pic\multiIO\uberfunctions.asm
               fWrOutputs   0x000e94    program     static H:\Eigene Dateien\pic\multiIO\uberfunctions.asm
              fWrOutputs1   0x000e98    program     static H:\Eigene Dateien\pic\multiIO\uberfunctions.asm
              fWrOutputs2   0x000e9c    program     static H:\Eigene Dateien\pic\multiIO\uberfunctions.asm
              fWrOutputs3   0x000ea1    program     static H:\Eigene Dateien\pic\multiIO\uberfunctions.asm
              fWrOutputs4   0x000ea4    program     static H:\Eigene Dateien\pic\multiIO\uberfunctions.asm
                  fWrTime   0x000e1d    program     static H:\Eigene Dateien\pic\multiIO\uberfunctions.asm
                 fWrTime1   0x000e25    program     static H:\Eigene Dateien\pic\multiIO\uberfunctions.asm
                 fWrTime2   0x000e29    program     static H:\Eigene Dateien\pic\multiIO\uberfunctions.asm
                 fWrTime3   0x000e2d    program     static H:\Eigene Dateien\pic\multiIO\uberfunctions.asm
                 fWrTime4   0x000e31    program     static H:\Eigene Dateien\pic\multiIO\uberfunctions.asm
                 fWrTime5   0x000e35    program     static H:\Eigene Dateien\pic\multiIO\uberfunctions.asm
                 fWrTime6   0x000e3a    program     static H:\Eigene Dateien\pic\multiIO\uberfunctions.asm
               genBitmask   0x000f30    program     static H:\Eigene Dateien\pic\multiIO\utils.asm
              genBitmask1   0x000f38    program     static H:\Eigene Dateien\pic\multiIO\utils.asm
              genBitmask2   0x000f3b    program     static H:\Eigene Dateien\pic\multiIO\utils.asm
                 genDelay   0x000f75    program     static H:\Eigene Dateien\pic\multiIO\utils.asm
                genDelay0   0x000f7b    program     static H:\Eigene Dateien\pic\multiIO\utils.asm
                genDelay1   0x000f7f    program     static H:\Eigene Dateien\pic\multiIO\utils.asm
                genDelayF   0x000f6e    program     static H:\Eigene Dateien\pic\multiIO\utils.asm
              genMessage1   0x0008db    program     static H:\Eigene Dateien\pic\multiIO\multiIO.asm
              genMessage2   0x0008ec    program     static H:\Eigene Dateien\pic\multiIO\multiIO.asm
              genMessage3   0x000901    program     static H:\Eigene Dateien\pic\multiIO\multiIO.asm
              genMessage4   0x000912    program     static H:\Eigene Dateien\pic\multiIO\multiIO.asm
                    getRx   0x000f19    program     static H:\Eigene Dateien\pic\multiIO\serial.asm
                   getRx1   0x000f2d    program     static H:\Eigene Dateien\pic\multiIO\serial.asm
                iDebounce   0x0000b7    program     static H:\Eigene Dateien\pic\multiIO\interrupt.asm
                 iDisplay   0x000054    program     static H:\Eigene Dateien\pic\multiIO\interrupt.asm
                iDisplay1   0x00005d    program     static H:\Eigene Dateien\pic\multiIO\interrupt.asm
                iDisplay2   0x00009b    program     static H:\Eigene Dateien\pic\multiIO\interrupt.asm
                    iExit   0x000035    program     static H:\Eigene Dateien\pic\multiIO\interrupt.asm
                   iExit1   0x00003c    program     static H:\Eigene Dateien\pic\multiIO\interrupt.asm
                iGetInput   0x00009c    program     static H:\Eigene Dateien\pic\multiIO\interrupt.asm
               iHeartBeat   0x00013a    program     static H:\Eigene Dateien\pic\multiIO\interrupt.asm
                  iOutput   0x0000e1    program     static H:\Eigene Dateien\pic\multiIO\interrupt.asm
                iQueueMsg   0x00013b    program     static H:\Eigene Dateien\pic\multiIO\interrupt.asm
           iReverseNibble   0x00015a    program     static H:\Eigene Dateien\pic\multiIO\interrupt.asm
               iRxHandler   0x000189    program     static H:\Eigene Dateien\pic\multiIO\interrupt.asm
               iShowState   0x00010c    program     static H:\Eigene Dateien\pic\multiIO\interrupt.asm
              iShowState2   0x000139    program     static H:\Eigene Dateien\pic\multiIO\interrupt.asm
                  iSkipRx   0x000046    program     static H:\Eigene Dateien\pic\multiIO\interrupt.asm
               iTestRxIrq   0x00000d    program     static H:\Eigene Dateien\pic\multiIO\interrupt.asm
              iTestTimer2   0x000014    program     static H:\Eigene Dateien\pic\multiIO\interrupt.asm
               iTestTxIrq   0x00000f    program     static H:\Eigene Dateien\pic\multiIO\interrupt.asm
                 iTimeEnd   0x000029    program     static H:\Eigene Dateien\pic\multiIO\interrupt.asm
               iTxHandler   0x000174    program     static H:\Eigene Dateien\pic\multiIO\interrupt.asm
              iTxHandler1   0x000185    program     static H:\Eigene Dateien\pic\multiIO\interrupt.asm
               initParams   0x0018ae    program     static H:\Eigene Dateien\pic\multiIO\init.asm
                 initPlvd   0x0018a8    program     static H:\Eigene Dateien\pic\multiIO\init.asm
                initPorts   0x001800    program     static H:\Eigene Dateien\pic\multiIO\init.asm
               initTimer0   0x001880    program     static H:\Eigene Dateien\pic\multiIO\init.asm
               initTimer1   0x001886    program     static H:\Eigene Dateien\pic\multiIO\init.asm
               initTimer2   0x001897    program     static H:\Eigene Dateien\pic\multiIO\init.asm
                 initUart   0x00186f    program     static H:\Eigene Dateien\pic\multiIO\init.asm
                     main   0x000800    program     static H:\Eigene Dateien\pic\multiIO\multiIO.asm
                mainLoop1   0x0008c2    program     static H:\Eigene Dateien\pic\multiIO\multiIO.asm
                mainLoop2   0x000918    program     static H:\Eigene Dateien\pic\multiIO\multiIO.asm
             numParameter   0x0009c7    program     static H:\Eigene Dateien\pic\multiIO\dispatch.asm
                  parseRx   0x000828    program     static H:\Eigene Dateien\pic\multiIO\multiIO.asm
                 parseRx0   0x00083b    program     static H:\Eigene Dateien\pic\multiIO\multiIO.asm
                 parseRx1   0x000849    program     static H:\Eigene Dateien\pic\multiIO\multiIO.asm
                 parseRx2   0x000855    program     static H:\Eigene Dateien\pic\multiIO\multiIO.asm
                 parseRx3   0x000861    program     static H:\Eigene Dateien\pic\multiIO\multiIO.asm
                 parseRx4   0x000869    program     static H:\Eigene Dateien\pic\multiIO\multiIO.asm
                 parseRx5   0x000884    program     static H:\Eigene Dateien\pic\multiIO\multiIO.asm
                 parseRx6   0x00089f    program     static H:\Eigene Dateien\pic\multiIO\multiIO.asm
                 parseRxE   0x0008bd    program     static H:\Eigene Dateien\pic\multiIO\multiIO.asm
                 parseRxX   0x0008be    program     static H:\Eigene Dateien\pic\multiIO\multiIO.asm
                powerDown   0x000919    program     static H:\Eigene Dateien\pic\multiIO\multiIO.asm
                    putTx   0x000f04    program     static H:\Eigene Dateien\pic\multiIO\serial.asm
                   putTx1   0x000f07    program     static H:\Eigene Dateien\pic\multiIO\serial.asm
             rxBufferFull   0x0001a2    program     static H:\Eigene Dateien\pic\multiIO\interrupt.asm
            rxCheckBuffer   0x000193    program     static H:\Eigene Dateien\pic\multiIO\interrupt.asm
           rxCheckFraming   0x000191    program     static H:\Eigene Dateien\pic\multiIO\interrupt.asm
            rxDiscardByte   0x0001a2    program     static H:\Eigene Dateien\pic\multiIO\interrupt.asm
               safeOutput   0x000fd0    program     static H:\Eigene Dateien\pic\multiIO\utils.asm



                              Symbols - Sorted by Address
                     Name    Address   Location    Storage File                     
                ---------  ---------  ---------  --------- ---------                
                  DEFINES   0x000000    program     static H:\Eigene Dateien\pic\multiIO\defines.asm
                VARIABLES   0x000000    program     static H:\Eigene Dateien\pic\multiIO\variables.asm
                      INT   0x000004    program     static H:\Eigene Dateien\pic\multiIO\interrupt.asm
               iTestRxIrq   0x00000d    program     static H:\Eigene Dateien\pic\multiIO\interrupt.asm
               iTestTxIrq   0x00000f    program     static H:\Eigene Dateien\pic\multiIO\interrupt.asm
              iTestTimer2   0x000014    program     static H:\Eigene Dateien\pic\multiIO\interrupt.asm
                 iTimeEnd   0x000029    program     static H:\Eigene Dateien\pic\multiIO\interrupt.asm
                    iExit   0x000035    program     static H:\Eigene Dateien\pic\multiIO\interrupt.asm
                   iExit1   0x00003c    program     static H:\Eigene Dateien\pic\multiIO\interrupt.asm
                  iSkipRx   0x000046    program     static H:\Eigene Dateien\pic\multiIO\interrupt.asm
                 iDisplay   0x000054    program     static H:\Eigene Dateien\pic\multiIO\interrupt.asm
                iDisplay1   0x00005d    program     static H:\Eigene Dateien\pic\multiIO\interrupt.asm
                iDisplay2   0x00009b    program     static H:\Eigene Dateien\pic\multiIO\interrupt.asm
                iGetInput   0x00009c    program     static H:\Eigene Dateien\pic\multiIO\interrupt.asm
                iDebounce   0x0000b7    program     static H:\Eigene Dateien\pic\multiIO\interrupt.asm
                  iOutput   0x0000e1    program     static H:\Eigene Dateien\pic\multiIO\interrupt.asm
               iShowState   0x00010c    program     static H:\Eigene Dateien\pic\multiIO\interrupt.asm
              iShowState2   0x000139    program     static H:\Eigene Dateien\pic\multiIO\interrupt.asm
               iHeartBeat   0x00013a    program     static H:\Eigene Dateien\pic\multiIO\interrupt.asm
                iQueueMsg   0x00013b    program     static H:\Eigene Dateien\pic\multiIO\interrupt.asm
           iReverseNibble   0x00015a    program     static H:\Eigene Dateien\pic\multiIO\interrupt.asm
               iTxHandler   0x000174    program     static H:\Eigene Dateien\pic\multiIO\interrupt.asm
              iTxHandler1   0x000185    program     static H:\Eigene Dateien\pic\multiIO\interrupt.asm
               iRxHandler   0x000189    program     static H:\Eigene Dateien\pic\multiIO\interrupt.asm
           rxCheckFraming   0x000191    program     static H:\Eigene Dateien\pic\multiIO\interrupt.asm
            rxCheckBuffer   0x000193    program     static H:\Eigene Dateien\pic\multiIO\interrupt.asm
             rxBufferFull   0x0001a2    program     static H:\Eigene Dateien\pic\multiIO\interrupt.asm
            rxDiscardByte   0x0001a2    program     static H:\Eigene Dateien\pic\multiIO\interrupt.asm
                     main   0x000800    program     static H:\Eigene Dateien\pic\multiIO\multiIO.asm
                  parseRx   0x000828    program     static H:\Eigene Dateien\pic\multiIO\multiIO.asm
                 parseRx0   0x00083b    program     static H:\Eigene Dateien\pic\multiIO\multiIO.asm
                 parseRx1   0x000849    program     static H:\Eigene Dateien\pic\multiIO\multiIO.asm
                 parseRx2   0x000855    program     static H:\Eigene Dateien\pic\multiIO\multiIO.asm
                 parseRx3   0x000861    program     static H:\Eigene Dateien\pic\multiIO\multiIO.asm
                 parseRx4   0x000869    program     static H:\Eigene Dateien\pic\multiIO\multiIO.asm
                 parseRx5   0x000884    program     static H:\Eigene Dateien\pic\multiIO\multiIO.asm
                 parseRx6   0x00089f    program     static H:\Eigene Dateien\pic\multiIO\multiIO.asm
                 parseRxE   0x0008bd    program     static H:\Eigene Dateien\pic\multiIO\multiIO.asm
                 parseRxX   0x0008be    program     static H:\Eigene Dateien\pic\multiIO\multiIO.asm
                mainLoop1   0x0008c2    program     static H:\Eigene Dateien\pic\multiIO\multiIO.asm
              genMessage1   0x0008db    program     static H:\Eigene Dateien\pic\multiIO\multiIO.asm
              genMessage2   0x0008ec    program     static H:\Eigene Dateien\pic\multiIO\multiIO.asm
              genMessage3   0x000901    program     static H:\Eigene Dateien\pic\multiIO\multiIO.asm
              genMessage4   0x000912    program     static H:\Eigene Dateien\pic\multiIO\multiIO.asm
                mainLoop2   0x000918    program     static H:\Eigene Dateien\pic\multiIO\multiIO.asm
                powerDown   0x000919    program     static H:\Eigene Dateien\pic\multiIO\multiIO.asm
              _65STOP_INT   0x000919    program     static H:\Eigene Dateien\pic\multiIO\multiIO.asm
                  endless   0x000923    program     static H:\Eigene Dateien\pic\multiIO\multiIO.asm
                 dispatch   0x000924    program     static H:\Eigene Dateien\pic\multiIO\dispatch.asm
             dispatchLoop   0x00092f    program     static H:\Eigene Dateien\pic\multiIO\dispatch.asm
            dispatchLoop1   0x000955    program     static H:\Eigene Dateien\pic\multiIO\dispatch.asm
            dispatchLoop2   0x000963    program     static H:\Eigene Dateien\pic\multiIO\dispatch.asm
            dispatchLoop3   0x000984    program     static H:\Eigene Dateien\pic\multiIO\dispatch.asm
            dispatchLoop4   0x00099b    program     static H:\Eigene Dateien\pic\multiIO\dispatch.asm
            dispatchLoop5   0x0009a9    program     static H:\Eigene Dateien\pic\multiIO\dispatch.asm
             dispatchCont   0x0009c4    program     static H:\Eigene Dateien\pic\multiIO\dispatch.asm
             numParameter   0x0009c7    program     static H:\Eigene Dateien\pic\multiIO\dispatch.asm
               fAlwaysOff   0x0009f8    program     static H:\Eigene Dateien\pic\multiIO\functions.asm
                fAlwaysOn   0x0009ff    program     static H:\Eigene Dateien\pic\multiIO\functions.asm
             fPassThrough   0x000a06    program     static H:\Eigene Dateien\pic\multiIO\functions.asm
            fPassThrough1   0x000a11    program     static H:\Eigene Dateien\pic\multiIO\functions.asm
                  fToggle   0x000a18    program     static H:\Eigene Dateien\pic\multiIO\functions.asm
                fToggleS1   0x000a23    program     static H:\Eigene Dateien\pic\multiIO\functions.asm
                fToggleS2   0x000a27    program     static H:\Eigene Dateien\pic\multiIO\functions.asm
                fToggleS3   0x000a36    program     static H:\Eigene Dateien\pic\multiIO\functions.asm
                fToggleS4   0x000a3d    program     static H:\Eigene Dateien\pic\multiIO\functions.asm
                fToggleS5   0x000a49    program     static H:\Eigene Dateien\pic\multiIO\functions.asm
              fToggleDual   0x000a52    program     static H:\Eigene Dateien\pic\multiIO\functions.asm
             fToggleDualA   0x000a5f    program     static H:\Eigene Dateien\pic\multiIO\functions.asm
             fToggleDual0   0x000a62    program     static H:\Eigene Dateien\pic\multiIO\functions.asm
             fToggleDual1   0x000a76    program     static H:\Eigene Dateien\pic\multiIO\functions.asm
             fToggleDual2   0x000a83    program     static H:\Eigene Dateien\pic\multiIO\functions.asm
             fToggleDual3   0x000a8b    program     static H:\Eigene Dateien\pic\multiIO\functions.asm
             fToggleDual4   0x000a98    program     static H:\Eigene Dateien\pic\multiIO\functions.asm
             fToggleDual5   0x000aa8    program     static H:\Eigene Dateien\pic\multiIO\functions.asm
                fTwoStage   0x000ab9    program     static H:\Eigene Dateien\pic\multiIO\functions.asm
               fTwoStage1   0x000ac6    program     static H:\Eigene Dateien\pic\multiIO\functions.asm
               fTwoStage2   0x000ac9    program     static H:\Eigene Dateien\pic\multiIO\functions.asm
               fTwoStage3   0x000ad7    program     static H:\Eigene Dateien\pic\multiIO\functions.asm
               fTwoStage4   0x000ae8    program     static H:\Eigene Dateien\pic\multiIO\functions.asm
               fTwoStage5   0x000af3    program     static H:\Eigene Dateien\pic\multiIO\functions.asm
               fTwoStage6   0x000b0c    program     static H:\Eigene Dateien\pic\multiIO\functions.asm
               fTwoStage7   0x000b1b    program     static H:\Eigene Dateien\pic\multiIO\functions.asm
                  fTimerR   0x000b2a    program     static H:\Eigene Dateien\pic\multiIO\functions.asm
                 fTimerRa   0x000b35    program     static H:\Eigene Dateien\pic\multiIO\functions.asm
                 fTimerR0   0x000b43    program     static H:\Eigene Dateien\pic\multiIO\functions.asm
                 fTimerR1   0x000b4c    program     static H:\Eigene Dateien\pic\multiIO\functions.asm
                 fBlinker   0x000b55    program     static H:\Eigene Dateien\pic\multiIO\functions.asm
                fBlinker1   0x000b5c    program     static H:\Eigene Dateien\pic\multiIO\functions.asm
                fBlinker2   0x000b68    program     static H:\Eigene Dateien\pic\multiIO\functions.asm
                fBlinker3   0x000b72    program     static H:\Eigene Dateien\pic\multiIO\functions.asm
                fBlinker4   0x000b7c    program     static H:\Eigene Dateien\pic\multiIO\functions.asm
                  fAwning   0x000b90    program     static H:\Eigene Dateien\pic\multiIO\functions.asm
                 fAwningB   0x000b9d    program     static H:\Eigene Dateien\pic\multiIO\functions.asm
                 fAwningA   0x000ba0    program     static H:\Eigene Dateien\pic\multiIO\functions.asm
               fAwningS00   0x000bb2    program     static H:\Eigene Dateien\pic\multiIO\functions.asm
              fAwningS00a   0x000bbf    program     static H:\Eigene Dateien\pic\multiIO\functions.asm
              fAwningS00b   0x000bc3    program     static H:\Eigene Dateien\pic\multiIO\functions.asm
               fAwningS01   0x000bcc    program     static H:\Eigene Dateien\pic\multiIO\functions.asm
              fAwningStop   0x000bd2    program     static H:\Eigene Dateien\pic\multiIO\functions.asm
               fAwningS02   0x000beb    program     static H:\Eigene Dateien\pic\multiIO\functions.asm
                 fAwningC   0x000bf7    program     static H:\Eigene Dateien\pic\multiIO\functions.asm
                 fAwningO   0x000bfe    program     static H:\Eigene Dateien\pic\multiIO\functions.asm
                   fBlind   0x000c05    program     static H:\Eigene Dateien\pic\multiIO\functions.asm
                  fBlindB   0x000c12    program     static H:\Eigene Dateien\pic\multiIO\functions.asm
                  fBlindA   0x000c15    program     static H:\Eigene Dateien\pic\multiIO\functions.asm
                fBlindS00   0x000c2f    program     static H:\Eigene Dateien\pic\multiIO\functions.asm
               fBlindS00a   0x000c3c    program     static H:\Eigene Dateien\pic\multiIO\functions.asm
               fBlindS00b   0x000c40    program     static H:\Eigene Dateien\pic\multiIO\functions.asm
                fBlindS01   0x000c4f    program     static H:\Eigene Dateien\pic\multiIO\functions.asm
               fBlindS01a   0x000c57    program     static H:\Eigene Dateien\pic\multiIO\functions.asm
                fBlindS02   0x000c6a    program     static H:\Eigene Dateien\pic\multiIO\functions.asm
               fBlindS02a   0x000c72    program     static H:\Eigene Dateien\pic\multiIO\functions.asm
                fBlindS03   0x000c7f    program     static H:\Eigene Dateien\pic\multiIO\functions.asm
               fBlindStop   0x000c85    program     static H:\Eigene Dateien\pic\multiIO\functions.asm
                fBlindS04   0x000c9e    program     static H:\Eigene Dateien\pic\multiIO\functions.asm
                  fBlindU   0x000caa    program     static H:\Eigene Dateien\pic\multiIO\functions.asm
                  fBlindD   0x000cb1    program     static H:\Eigene Dateien\pic\multiIO\functions.asm
                  fWindow   0x000cb8    program     static H:\Eigene Dateien\pic\multiIO\functions.asm
                 fWindowB   0x000cc5    program     static H:\Eigene Dateien\pic\multiIO\functions.asm
                 fWindowA   0x000cc8    program     static H:\Eigene Dateien\pic\multiIO\functions.asm
               fWindowS00   0x000cea    program     static H:\Eigene Dateien\pic\multiIO\functions.asm
              fWindowS00a   0x000d03    program     static H:\Eigene Dateien\pic\multiIO\functions.asm
               fWindowS01   0x000d12    program     static H:\Eigene Dateien\pic\multiIO\functions.asm
                 fWindowC   0x000d1a    program     static H:\Eigene Dateien\pic\multiIO\functions.asm
               fWindowS11   0x000d2f    program     static H:\Eigene Dateien\pic\multiIO\functions.asm
                 fWindowO   0x000d37    program     static H:\Eigene Dateien\pic\multiIO\functions.asm
               fWindowS02   0x000d4c    program     static H:\Eigene Dateien\pic\multiIO\functions.asm
               fWindowS12   0x000d61    program     static H:\Eigene Dateien\pic\multiIO\functions.asm
               fWindowS03   0x000d76    program     static H:\Eigene Dateien\pic\multiIO\functions.asm
              fWindowStop   0x000d7c    program     static H:\Eigene Dateien\pic\multiIO\functions.asm
               fWindowS04   0x000d91    program     static H:\Eigene Dateien\pic\multiIO\functions.asm
                fPowerOff   0x000d9d    program     static H:\Eigene Dateien\pic\multiIO\uberfunctions.asm
               fPowerOff1   0x000da5    program     static H:\Eigene Dateien\pic\multiIO\uberfunctions.asm
                   fReset   0x000dab    program     static H:\Eigene Dateien\pic\multiIO\uberfunctions.asm
                  fReset1   0x000db3    program     static H:\Eigene Dateien\pic\multiIO\uberfunctions.asm
                    fPoll   0x000db5    program     static H:\Eigene Dateien\pic\multiIO\uberfunctions.asm
                     fOff   0x000dc0    program     static H:\Eigene Dateien\pic\multiIO\uberfunctions.asm
                    fOff1   0x000dce    program     static H:\Eigene Dateien\pic\multiIO\uberfunctions.asm
                    fOff2   0x000dde    program     static H:\Eigene Dateien\pic\multiIO\uberfunctions.asm
                      fOn   0x000de4    program     static H:\Eigene Dateien\pic\multiIO\uberfunctions.asm
                     fOn1   0x000df2    program     static H:\Eigene Dateien\pic\multiIO\uberfunctions.asm
                     fOn2   0x000e02    program     static H:\Eigene Dateien\pic\multiIO\uberfunctions.asm
                  fRdTime   0x000e08    program     static H:\Eigene Dateien\pic\multiIO\uberfunctions.asm
                  fWrTime   0x000e1d    program     static H:\Eigene Dateien\pic\multiIO\uberfunctions.asm
                 fWrTime1   0x000e25    program     static H:\Eigene Dateien\pic\multiIO\uberfunctions.asm
                 fWrTime2   0x000e29    program     static H:\Eigene Dateien\pic\multiIO\uberfunctions.asm
                 fWrTime3   0x000e2d    program     static H:\Eigene Dateien\pic\multiIO\uberfunctions.asm
                 fWrTime4   0x000e31    program     static H:\Eigene Dateien\pic\multiIO\uberfunctions.asm
                 fWrTime5   0x000e35    program     static H:\Eigene Dateien\pic\multiIO\uberfunctions.asm
                 fWrTime6   0x000e3a    program     static H:\Eigene Dateien\pic\multiIO\uberfunctions.asm
                fRdConfig   0x000e3d    program     static H:\Eigene Dateien\pic\multiIO\uberfunctions.asm
                fWrConfig   0x000e4a    program     static H:\Eigene Dateien\pic\multiIO\uberfunctions.asm
               fWrConfig1   0x000e4f    program     static H:\Eigene Dateien\pic\multiIO\uberfunctions.asm
               fWrConfig3   0x000e63    program     static H:\Eigene Dateien\pic\multiIO\uberfunctions.asm
               fWrConfig4   0x000e66    program     static H:\Eigene Dateien\pic\multiIO\uberfunctions.asm
               fWrConfig5   0x000e69    program     static H:\Eigene Dateien\pic\multiIO\uberfunctions.asm
               fWrConfig7   0x000e70    program     static H:\Eigene Dateien\pic\multiIO\uberfunctions.asm
               fWrConfig8   0x000e72    program     static H:\Eigene Dateien\pic\multiIO\uberfunctions.asm
               fWrConfig9   0x000e76    program     static H:\Eigene Dateien\pic\multiIO\uberfunctions.asm
                 fCOutput   0x000e7c    program     static H:\Eigene Dateien\pic\multiIO\uberfunctions.asm
                 fSOutput   0x000e88    program     static H:\Eigene Dateien\pic\multiIO\uberfunctions.asm
               fWrOutputs   0x000e94    program     static H:\Eigene Dateien\pic\multiIO\uberfunctions.asm
              fWrOutputs1   0x000e98    program     static H:\Eigene Dateien\pic\multiIO\uberfunctions.asm
              fWrOutputs2   0x000e9c    program     static H:\Eigene Dateien\pic\multiIO\uberfunctions.asm
              fWrOutputs3   0x000ea1    program     static H:\Eigene Dateien\pic\multiIO\uberfunctions.asm
              fWrOutputs4   0x000ea4    program     static H:\Eigene Dateien\pic\multiIO\uberfunctions.asm
                 fRdInput   0x000ea8    program     static H:\Eigene Dateien\pic\multiIO\uberfunctions.asm
                fRdInput1   0x000ec2    program     static H:\Eigene Dateien\pic\multiIO\uberfunctions.asm
                fRdInputs   0x000ec7    program     static H:\Eigene Dateien\pic\multiIO\uberfunctions.asm
                fRdOutput   0x000ed6    program     static H:\Eigene Dateien\pic\multiIO\uberfunctions.asm
               fRdOutput1   0x000ef0    program     static H:\Eigene Dateien\pic\multiIO\uberfunctions.asm
               fRdOutputs   0x000ef5    program     static H:\Eigene Dateien\pic\multiIO\uberfunctions.asm
                    putTx   0x000f04    program     static H:\Eigene Dateien\pic\multiIO\serial.asm
                   putTx1   0x000f07    program     static H:\Eigene Dateien\pic\multiIO\serial.asm
                    getRx   0x000f19    program     static H:\Eigene Dateien\pic\multiIO\serial.asm
             _326STOP_INT   0x000f19    program     static H:\Eigene Dateien\pic\multiIO\serial.asm
                   getRx1   0x000f2d    program     static H:\Eigene Dateien\pic\multiIO\serial.asm
               genBitmask   0x000f30    program     static H:\Eigene Dateien\pic\multiIO\utils.asm
              genBitmask1   0x000f38    program     static H:\Eigene Dateien\pic\multiIO\utils.asm
              genBitmask2   0x000f3b    program     static H:\Eigene Dateien\pic\multiIO\utils.asm
                 bitTable   0x000f3c    program     static H:\Eigene Dateien\pic\multiIO\utils.asm
                bitTable1   0x000f46    program     static H:\Eigene Dateien\pic\multiIO\utils.asm
              checkOutput   0x000f4e    program     static H:\Eigene Dateien\pic\multiIO\utils.asm
                 clrDelay   0x000f55    program     static H:\Eigene Dateien\pic\multiIO\utils.asm
                 chkDelay   0x000f62    program     static H:\Eigene Dateien\pic\multiIO\utils.asm
                genDelayF   0x000f6e    program     static H:\Eigene Dateien\pic\multiIO\utils.asm
                 genDelay   0x000f75    program     static H:\Eigene Dateien\pic\multiIO\utils.asm
                genDelay0   0x000f7b    program     static H:\Eigene Dateien\pic\multiIO\utils.asm
                genDelay1   0x000f7f    program     static H:\Eigene Dateien\pic\multiIO\utils.asm
              compareTime   0x000fa8    program     static H:\Eigene Dateien\pic\multiIO\utils.asm
              TIMEisequal   0x000fcd    program     static H:\Eigene Dateien\pic\multiIO\utils.asm
              TIMEislower   0x000fce    program     static H:\Eigene Dateien\pic\multiIO\utils.asm
            TIMEisgreater   0x000fcf    program     static H:\Eigene Dateien\pic\multiIO\utils.asm
               safeOutput   0x000fd0    program     static H:\Eigene Dateien\pic\multiIO\utils.asm
                     CRC8   0x000fe0    program     static H:\Eigene Dateien\pic\multiIO\utils.asm
                  eeWrite   0x000ff4    program     static H:\Eigene Dateien\pic\multiIO\eeprom.asm
                eeWrite_1   0x000ff6    program     static H:\Eigene Dateien\pic\multiIO\eeprom.asm
             _331STOP_INT   0x001003    program     static H:\Eigene Dateien\pic\multiIO\eeprom.asm
                   eeRead   0x00100e    program     static H:\Eigene Dateien\pic\multiIO\eeprom.asm
                 eeRead_1   0x001010    program     static H:\Eigene Dateien\pic\multiIO\eeprom.asm
                initPorts   0x001800    program     static H:\Eigene Dateien\pic\multiIO\init.asm
                 clearRam   0x001845    program     static H:\Eigene Dateien\pic\multiIO\init.asm
               clearBank0   0x00184a    program     static H:\Eigene Dateien\pic\multiIO\init.asm
               clearBank1   0x001852    program     static H:\Eigene Dateien\pic\multiIO\init.asm
                clearRam2   0x001858    program     static H:\Eigene Dateien\pic\multiIO\init.asm
               clearBank2   0x00185d    program     static H:\Eigene Dateien\pic\multiIO\init.asm
               clearBank3   0x001865    program     static H:\Eigene Dateien\pic\multiIO\init.asm
                 initUart   0x00186f    program     static H:\Eigene Dateien\pic\multiIO\init.asm
               initTimer0   0x001880    program     static H:\Eigene Dateien\pic\multiIO\init.asm
               initTimer1   0x001886    program     static H:\Eigene Dateien\pic\multiIO\init.asm
               initTimer2   0x001897    program     static H:\Eigene Dateien\pic\multiIO\init.asm
                 initPlvd   0x0018a8    program     static H:\Eigene Dateien\pic\multiIO\init.asm
               initParams   0x0018ae    program     static H:\Eigene Dateien\pic\multiIO\init.asm


